test_actions_base_evidence_mode_is_supported (test_bootstrap.Tests.test_actions_base_evidence_mode_is_supported) ... ok
test_candidate_cannot_use_package_evidence_as_bootstrap (test_bootstrap.Tests.test_candidate_cannot_use_package_evidence_as_bootstrap) ... ok
test_candidate_evidence_classes (test_bootstrap.Tests.test_candidate_evidence_classes) ... ok
test_compatibility_preserves_history (test_bootstrap.Tests.test_compatibility_preserves_history) ... ok
test_consumer_lock_template (test_bootstrap.Tests.test_consumer_lock_template) ... ok
test_external_base_evidence_requires_ref (test_bootstrap.Tests.test_external_base_evidence_requires_ref) ... ok
test_fault_suite (test_bootstrap.Tests.test_fault_suite) ... ok
test_fault_suite_has_release_self_corruption (test_bootstrap.Tests.test_fault_suite_has_release_self_corruption) ... ok
test_patch_release_is_supported (test_bootstrap.Tests.test_patch_release_is_supported) ... ok
test_prior_stable_release_is_enforced (test_bootstrap.Tests.test_prior_stable_release_is_enforced) ... ok
test_source_lock (test_bootstrap.Tests.test_source_lock) ... ok
test_three_consumers_are_required (test_bootstrap.Tests.test_three_consumers_are_required) ... ok
test_accepts_supported_driver_boundary (test_compatibility_floor.CompatibilityFloorTests.test_accepts_supported_driver_boundary) ... ok
test_accepts_supported_matrix_boundary (test_compatibility_floor.CompatibilityFloorTests.test_accepts_supported_matrix_boundary) ... ok
test_rejects_unsupported_driver_even_for_supported_target (test_compatibility_floor.CompatibilityFloorTests.test_rejects_unsupported_driver_even_for_supported_target) ... ok
test_rejects_unsupported_runtime_in_matrix (test_compatibility_floor.CompatibilityFloorTests.test_rejects_unsupported_runtime_in_matrix) ... ok
test_rejects_unsupported_target_and_driver (test_compatibility_floor.CompatibilityFloorTests.test_rejects_unsupported_target_and_driver) ... ok
test_rejects_weakened_declared_floor (test_compatibility_floor.CompatibilityFloorTests.test_rejects_weakened_declared_floor) ... ok
test_clean_layout_failure_is_propagated (test_consumer_package_checks.CleanConsumerTests.test_clean_layout_failure_is_propagated) ... ok
test_package_runs_without_canonical_siblings (test_consumer_package_checks.CleanConsumerTests.test_package_runs_without_canonical_siblings) ... ok
test_release_binding_reader_uses_genuine_commit_bytes (test_git_object_integrity.BootstrapGitObjectIntegrityTests.test_release_binding_reader_uses_genuine_commit_bytes) ... ok
test_all_empty_means_no_observed_run_not_no_backend (test_github_ci_state.GithubCIStateTests.test_all_empty_means_no_observed_run_not_no_backend) ... ok
test_conflicting_and_failed_observations_never_report_success (test_github_ci_state.GithubCIStateTests.test_conflicting_and_failed_observations_never_report_success) ... ok
test_empty_legacy_statuses_does_not_hide_running_actions (test_github_ci_state.GithubCIStateTests.test_empty_legacy_statuses_does_not_hide_running_actions) ... ok
test_malformed_execution_state_is_rejected_explicitly (test_github_ci_state.GithubCIStateTests.test_malformed_execution_state_is_rejected_explicitly) ... ok
test_malformed_run_identity_is_rejected_explicitly (test_github_ci_state.GithubCIStateTests.test_malformed_run_identity_is_rejected_explicitly) ... ok
test_missing_or_partial_surfaces_are_unknown_not_no_ci (test_github_ci_state.GithubCIStateTests.test_missing_or_partial_surfaces_are_unknown_not_no_ci) ... ok
test_request_identity_is_validated (test_github_ci_state.GithubCIStateTests.test_request_identity_is_validated) ... ok
test_requests_cover_three_independent_github_surfaces (test_github_ci_state.GithubCIStateTests.test_requests_cover_three_independent_github_surfaces) ... ok
test_success_is_observed_workflow_result_not_release_readiness (test_github_ci_state.GithubCIStateTests.test_success_is_observed_workflow_result_not_release_readiness) ... ok
test_unrelated_commit_and_workflow_do_not_prove_candidate_execution (test_github_ci_state.GithubCIStateTests.test_unrelated_commit_and_workflow_do_not_prove_candidate_execution) ... ok
test_managed_pool_fault_regressions_are_retained (test_managed_pool_fault_inventory.ManagedPoolFaultInventory.test_managed_pool_fault_regressions_are_retained) ... ok
test_candidate_agrees_with_version_and_development_base (test_release_bindings.ReleaseBindingsTests.test_candidate_agrees_with_version_and_development_base) ... ok
test_candidate_and_snapshots_bind_actual_package (test_release_bindings.ReleaseBindingsTests.test_candidate_and_snapshots_bind_actual_package) ... ok
test_no_tests_hidden_below_non_packages (test_release_bindings.ReleaseBindingsTests.test_no_tests_hidden_below_non_packages) ... ok
test_prior_driver_is_the_recorded_git_package (test_release_bindings.ReleaseBindingsTests.test_prior_driver_is_the_recorded_git_package) ... ok
test_release_evidence_paths_exist (test_release_bindings.ReleaseBindingsTests.test_release_evidence_paths_exist) ... ok
test_canonical_sources_and_discovered_tests_are_allowed (test_repository_layout.RepositoryLayoutTests.test_canonical_sources_and_discovered_tests_are_allowed) ... ok
test_cli_fails_before_candidate_import (test_repository_layout.RepositoryLayoutTests.test_cli_fails_before_candidate_import) ... ok
test_nested_test_requires_tracked_package_markers (test_repository_layout.RepositoryLayoutTests.test_nested_test_requires_tracked_package_markers) ... ok
test_root_runtime_and_test_are_rejected_together (test_repository_layout.RepositoryLayoutTests.test_root_runtime_and_test_are_rejected_together) ... ok
test_same_discovery_rule_applies_to_bootstrap_tests (test_repository_layout.RepositoryLayoutTests.test_same_discovery_rule_applies_to_bootstrap_tests) ... ok
test_symlink_marker_does_not_prove_nested_discovery (test_repository_layout.RepositoryLayoutTests.test_symlink_marker_does_not_prove_nested_discovery) ... ok
test_symlink_test_is_not_a_regular_discoverable_module (test_repository_layout.RepositoryLayoutTests.test_symlink_test_is_not_a_regular_discoverable_module) ... ok
test_test_in_source_directory_is_not_discovered (test_repository_layout.RepositoryLayoutTests.test_test_in_source_directory_is_not_discovered) ... ok
test_undiscoverable_test_module_names_are_rejected (test_repository_layout.RepositoryLayoutTests.test_undiscoverable_test_module_names_are_rejected) ... ok

----------------------------------------------------------------------
Ran 46 tests in 0.450s

OK
